border_size=1
usage=map

       Xu,       Xu,       Xu,       Xu,       Xu,       Xu,       Xu,       Xu,       Xu,       Xu,       Xu,       Xu,       Xu,       Xu,       Xu,       Xu,       Xu,       Xu,       Xu,       Xu,       Xu,       Xu,       Xu,       Xu,       Xu,       Xu,       Xu,       Rr,       Rr,       Rr,       Xu,       Xu,       Xu
       Xu,       Xu,       Xu,       Xu,       Xu,       Xu,       Xu,       Xu,       Xu,       Xu,       Xu,       Xu,       Xu,       Xu,       Xu,       Xu,       Xu,       Xu,       Xu,       Xu,       Xu,       Xu,       Xu,       Xu,       Xu,       Xu,       Xu,       Rr,       Rr,       Rr,       Xu,       Xu,       Xu
       Xu,       Xu,       Xu,       Xu,      Cud,       Xu,       Rr,       Xu,       Rr,       Xu,       Rr,       Xu,       Rr,       Xu,       Rr,       Xu,       Rr,       Xu,       Rr,       Xu,       Rr,       Xu,       Rr,       Xu,       Rr,       Xu,       Rr,       Rr,       Rr,       Rr,       Xu,       Xu,       Xu
       Xu,       Xu,       Xu,      Cud,     1 Kud,      Cud,       Rr,       Rr,       Rr,       Rr,       Rr,       Rr,       Rr,       Rr,       Rr,       Rr,       Rr,       Rr,       Rr,       Rr,       Rr,       Rr,       Rr,       Rr,       Rr,       Rr,       Rr,       Rr,       Rr,       Rr,       Xu,       Xu,       Xu
       Xu,       Xu,       Xu,      Cud,      Cud,      Cud,       Rr,       Rr,       Rr,       Rr,       Rr,       Rr,       Rr,       Rr,       Rr,       Rr,       Rr,       Rr,       Rr,       Rr,       Rr,       Rr,       Rr,       Rr,       Rr,       Rr,       Rr,       Rr,       Rr,       Rr,       Xu,       Xu,       Xu
       Xu,       Xu,       Xu,       Rr,       Rr,       Rr,       Rr,       Rr,   Uu^Vud,       Rr,       Rr,       Rr,       Rr,       Rr,       Rr,       Rr,       Rr,       Rr,       Rr,       Rr,       Rr,       Rr,       Rr,       Rr,       Rr,       Rr,   Uu^Vud,       Rr,       Rr,       Rr,       Xu,       Xu,       Xu
       Xu,       Xu,       Xu,       Rr,       Rr,       Rr,       Rr,       Rr,       Rr,       Rr,       Rr,       Rr,       Rr,       Rr,       Rr,   Uu^Vud,       Rr,       Rr,       Rr,       Rr,       Rr,       Rr,       Rr,       Rr,       Rr,       Rr,       Rr,       Rr,       Rr,       Rr,       Xu,       Xu,       Xu
       Xu,       Xu,       Xu,       Rr,       Rr,       Rr,       Rr,       Rr,       Rr,       Rr,       Rr,       Rr,       Rr,       Rr,       Rr,       Rr,       Rr,       Rr,       Rr,       Rr,       Rr,       Rr,       Rr,       Rr,       Rr,       Rr,       Rr,       Rr,       Rr,       Rr,       Xu,       Xu,       Xu
       Xu,       Xu,       Xu,       Rr,       Rr,       Rr,       Rr,   Uu^Vud,       Rr,       Rr,       Rr,       Rr,       Rr,       Rr,       Rr,       Rr,       Rr,       Rr,       Rr,       Rr,       Rr,       Rr,       Rr,       Rr,       Rr,       Rr,       Rr,       Rr,       Rr,       Rr,       Xu,       Xu,       Xu
       Xu,       Xu,       Xu,       Rr,       Rr,       Rr,       Rr,       Rr,       Rr,       Rr,       Rr,       Rr,       Rr,       Rr,       Rr,       Rr,       Rr,       Rr,       Rr,       Rr,       Rr,       Rr,       Rr,       Rr,       Rr,   Uu^Vud,       Rr,       Rr,       Rr,       Rr,       Xu,       Xu,       Xu
       Xu,       Xu,       Xu,       Rr,       Rr,       Rr,       Rr,       Rr,       Rr,       Rr,       Rr,       Rr,       Rr,       Rr,       Rr,   Uu^Vud,       Rr,       Rr,       Rr,       Rr,       Rr,       Rr,       Rr,       Rr,       Rr,       Rr,       Rr,       Rr,       Rr,       Rr,       Xu,       Xu,       Xu
       Xu,       Xu,       Xu,       Rr,       Rr,       Rr,       Rr,       Rr,       Rr,       Rr,       Rr,       Rr,       Rr,       Rr,       Rr,       Rr,       Rr,       Rr,       Rr,       Rr,       Rr,       Rr,       Rr,       Rr,       Rr,       Rr,       Rr,       Rr,       Rr,       Rr,       Xu,       Xu,       Xu
       Xu,       Xu,       Xu,       Rr,       Rr,       Rr,       Rr,       Rr,       Rr,       Rr,       Rr,   Uu^Vud,       Rr,       Rr,       Rr,       Rr,       Rr,       Rr,       Rr,   Uu^Vud,       Rr,       Rr,       Rr,       Rr,       Rr,       Rr,       Rr,       Rr,       Rr,       Rr,       Xu,       Xu,       Xu
       Xu,       Xu,       Xu,       Rr,       Rr,       Rr,       Rr,       Rr,       Rr,       Rr,       Rr,       Rr,       Rr,       Rr,       Rr,       Rr,       Rr,       Rr,       Rr,       Rr,       Rr,       Rr,       Rr,       Rr,       Rr,       Rr,       Rr,       Rr,       Rr,       Rr,       Xu,       Xu,       Xu
       Xu,       Xu,       Xu,       Rr,       Rr,       Rr,       Rr,       Rr,       Rr,       Rr,       Rr,       Rr,       Rr,       Rr,       Rr,   Uu^Vud,       Rr,       Rr,       Rr,       Rr,       Rr,       Rr,       Rr,       Rr,       Rr,       Rr,       Rr,       Rr,       Rr,       Rr,       Xu,       Xu,       Xu
       Xu,       Xu,       Xu,       Rr,       Rr,       Rr,       Rr,       Rr,       Rr,       Rr,       Rr,       Rr,       Rr,       Rr,       Rr,       Rr,       Rr,       Rr,       Rr,       Rr,       Rr,       Rr,       Rr,       Rr,       Rr,       Rr,       Rr,   Uu^Vud,       Rr,       Rr,       Xu,       Xu,       Xu
       Xu,       Xu,       Xu,       Rr,       Rr,       Rr,       Rr,   Uu^Vud,       Rr,       Rr,       Rr,       Rr,       Rr,       Rr,       Rr,       Rr,       Rr,       Rr,       Rr,       Rr,       Rr,       Rr,       Rr,       Rr,       Rr,       Rr,       Rr,       Rr,       Rr,       Rr,       Xu,       Xu,       Xu
       Xu,       Xu,       Xu,       Rr,       Rr,       Rr,       Rr,       Rr,       Rr,       Rr,       Rr,       Rr,       Rr,       Rr,       Rr,       Rr,       Rr,       Rr,       Rr,       Rr,       Rr,       Rr,       Rr,       Rr,       Rr,       Rr,       Rr,       Rr,       Rr,       Rr,       Xu,       Xu,       Xu
       Xu,       Xu,       Xu,       Rr,       Rr,       Rr,       Rr,       Rr,       Rr,       Rr,       Rr,       Rr,       Rr,       Rr,       Rr,       Rr,       Rr,       Rr,       Rr,       Rr,       Rr,       Rr,       Rr,       Rr,       Rr,       Rr,       Rr,       Rr,       Rr,       Rr,       Xu,       Xu,       Xu
       Xu,       Xu,       Xu,       Rr,       Rr,       Rr,       Rr,       Rr,   Uu^Vud,       Rr,       Rr,       Rr,       Rr,       Rr,       Rr,       Rr,       Rr,       Rr,       Rr,       Rr,       Rr,       Rr,       Rr,       Rr,   Uu^Vud,       Rr,       Rr,       Rr,       Rr,       Rr,       Xu,       Xu,       Xu
       Xu,       Xu,       Xu,       Rr,       Rr,       Rr,       Rr,       Rr,       Rr,       Rr,       Rr,       Rr,       Rr,       Rr,       Rr,       Rr,       Rr,   Uu^Vud,       Rr,       Rr,       Rr,       Rr,       Rr,       Rr,       Rr,       Rr,       Rr,       Rr,       Rr,       Rr,       Xu,       Xu,       Xu
       Xu,       Xu,       Xu,       Rr,       Rr,       Rr,       Rr,       Rr,       Rr,       Rr,       Rr,       Rr,       Rr,       Rr,       Rr,       Rr,       Rr,       Rr,       Rr,       Rr,       Rr,       Rr,       Rr,       Rr,       Rr,       Rr,       Rr,       Rr,       Rr,       Rr,       Xu,       Xu,       Xu
       Xu,       Xu,       Xu,       Rr,      Cud,       Rr,       Rr,       Rr,       Rr,       Rr,       Rr,       Rr,       Rr,       Rr,       Rr,       Rr,       Rr,       Rr,       Rr,       Rr,       Rr,       Rr,       Rr,       Rr,       Rr,       Rr,       Rr,       Rr,      Cud,       Rr,       Xu,       Xu,       Xu
       Xu,       Xu,       Xu,      Cud,     2 Kud,      Cud,       Rr,       Rr,       Rr,       Rr,       Rr,       Rr,       Rr,       Rr,       Rr,       Rr,       Rr,       Rr,       Rr,       Rr,       Rr,       Rr,       Rr,       Rr,       Rr,       Rr,       Rr,      Cud,     3 Kud,      Cud,       Xu,       Xu,       Xu
       Xu,       Xu,       Xu,      Cud,      Cud,      Cud,       Xu,       Rr,       Xu,       Rr,       Xu,       Rr,       Xu,       Rr,       Xu,       Rr,       Xu,       Rr,       Xu,       Rr,       Xu,       Rr,       Xu,       Rr,       Xu,       Rr,       Xu,      Cud,      Cud,      Cud,       Xu,       Xu,       Xu
       Xu,       Xu,       Xu,       Xu,       Xu,       Xu,       Xu,       Xu,       Xu,       Xu,       Xu,       Xu,       Xu,       Xu,       Xu,       Xu,       Xu,       Xu,       Xu,       Xu,       Xu,       Xu,       Xu,       Xu,       Xu,       Xu,       Xu,       Xu,       Xu,       Xu,       Xu,       Xu,       Xu
       Xu,       Xu,       Xu,       Xu,       Xu,       Xu,       Xu,       Xu,       Xu,       Xu,       Xu,       Xu,       Xu,       Xu,       Xu,       Xu,       Xu,       Xu,       Xu,       Xu,       Xu,       Xu,       Xu,       Xu,       Xu,       Xu,       Xu,       Xu,       Xu,       Xu,       Xu,       Xu,       Xu