border_size=1
usage=map

       Xu,       Xu,       Xu,       Xu,    Uu,       Xu,       Uu,       Xu,       Xu,       Xu,       Xu,       Xu,       Xu,    Uu^Ii,    Uu^Ii,       Xu,       Xu,       Xu,       Xu,       Xu,       Xu,       Xu,       Uu,       Uu,       Re,   Uu,       Uu,       Uu
       Xu,       Xu,       Xu,       Xu,    Uu^Vu,       Xu,       Uu,       Xu,       Xu,       Xu,       Xu,       Xu,       Xu,    Uu^Ii,    Uu^Ii,       Xu,       Xu,       Xu,       Xu,       Xu,       Xu,       Xu,       Uu,       Uu,       Re,   Uu^Vud,       Uu,       Uu
       Xu,       Xu,       Uh,       Uu,       Uu,       Uu,       Uh,       Uu,       Uu,       Xu,       Xu,       Xu,   Uu^Vud,       Uu,       Xu,       Xu,       Xu,       Xu,       Xu,       Xu,       Re,    Uu^Uf,       Uu,       Re,       Xu,       Xu,       Xu,       Xu
       Uh,       Uh,       Xu,    Uu^Uf,       Xu,       Xu,       Xu,       Uu,       Xu,       Xu,       Xu,       Xu,       Re,       Xu,       Xu,       Xu,       Xu,       Xu,       Uu,       Uu,      Chr,       Re,       Xu,       Xu,       Xu,       Xu,       Xu,       Xu
       Xu,       Xu,       Xu,       Xu,       Uu,       Xu,      Cud,      Cud,      Cud,       Xu,       Xu,       Xu,       Re,    Uu^Uf,       Xu,       Xu,       Xu,       Xu,       Re,      Chr,     3 Kh,      Chr,       Xu,       Xu,       Xu,       Xu,       Xu,       Xu
       Xu,       Xu,       Uh,       Uh,       Uh,       Uu,      Cud,     2 Kud,      Cud,       Uu,       Xu,       Xu,       Uu,       Uu,       Xu,       Xu,       Xu,       Xu,       Uu,      Chr,      Chr,      Chr,       Xu,       Xu,       Xu,       Xu,       Xu,       Xu
       Xu,       Xu,       Xu,       Uh,       Xu,       Uu,       Re,      Cud,       Uu,       Uu,       Xu,       Xu,       Xu,       Re,       Re,       Xu,       Xu,   Uu^Vud,       Uu,       Re,       Re,       Uh,       Xu,       Xu,       Xu,       Xu,       Xu,       Xu
       Xu,       Xu,       Xu,       Xu,       Xu,       Xu,       Re,       Re,       Uu,       Xu,       Xu,       Xu,       Xu,       Uu,       Uh,       Uh,       Re,       Re,       Uh,       Uh,       Xu,       Xu,       Xu,       Xu,       Xu,       Xu,       Xu,       Xu
       Xu,       Xu,       Xu,       Xu,       Uu,       Xu,       Re,       Uu,    Uu^Vu,    Uu^Uf,       Uu,       Re,       Re,    Uu^Uf,       Xu,       Xu,       Xu,       Re,       Re,       Re,       Uu,       Xu,       Xu,       Xu,       Xu,       Xu,       Xu,       Xu
       Xu,       Xu,    Uu^Vu,       Uu,       Re,       Uu,       Re,       Xu,       Xu,       Re,       Uh,       Uu,       Xu,       Re,       Xu,       Re,   Uu^Vud,       Xu,       Xu,       Re,       Uu,    Uu^Uf,       Xu,       Xu,       Xu,       Xu,       Xu,       Xu
       Xu,       Xu,       Xu,       Xu,       Xu,       Re,       Re,       Xu,       Xu,       Xu,       Xu,       Xu,       Uh,       Uu,       Xu,       Xu,       Re,       Uh,       Uh,       Xu,       Uu,       Uu,       Xu,       Xu,       Xu,       Xu,       Xu,       Xu
       Xu,       Xu,       Xu,       Xu,       Xu,       Uu,       Re,       Uu,    Uu^Vu,       Xu,       Xu,       Xu,       Uh,       Uu,       Re,       Re,       Re,       Uu,       Uh,       Xu,       Uu,       Uu,       Xu,       Xu,       Xu,       Xu,       Xu,       Xu
       Xu,       Xu,       Xu,       Xu,       Xu,       Xu,    Uu^Uf,       Re,       Xu,       Re,       Re,       Xu,       Xu,       Uh,       Re,       Xu,       Xu,   Uu^Vud,       Xu,       Xu,       Re,       Re,       Xu,       Xu,       Xu,       Xu,       Xu,       Xu
       Xu,       Xu,       Xu,       Xu,       Xu,       Xu,    Uu^Uf,       Re,       Xu,       Xu,       Xu,       Re,       Uu,       Re,       Re,       Xu,       Xu,       Xu,       Xu,       Xu,       Re,       Uu,       Xu,       Xu,       Xu,       Xu,       Xu,       Xu
       Xu,       Xu,       Xu,       Xu,       Xu,       Xu,       Xu,       Re,       Re,       Xu,       Xu,       Re,       Uh,       Uh,       Xu,       Xu,       Xu,       Xu,       Xu,       Xu,       Re,    Uu^Uf,       Uu,       Uh,       Uh,       Xu,       Xu,       Xu
       Xu,       Xu,       Xu,       Xu,       Xu,       Xu,       Xu,       Re,       Re,       Xu,       Xu,       Uu,    Uu^Uf,       Xu,       Xu,       Xu,       Xu,       Xu,       Xu,       Xu,       Re,       Re,       Xu,       Uu,       Uu,       Re,       Xu,       Xu
       Xu,       Xu,       Xu,       Xu,       Xu,       Xu,       Xu,       Re,       Uu,       Uu,       Uu,       Re,       Xu,       Xu,       Xu,       Xu,       Xu,       Xu,       Xu,   Uu^Vud,       Uu,       Xu,       Xu,       Xu,       Xu,       Re,   Uu^Vud,   Uu
       Xu,       Xu,       Xu,       Xu,       Xu,       Xu,       Uu,       Re,       Xu,    Uu^Vu,       Re,       Uu,       Uu,       Xu,       Xu,       Xu,       Xu,       Xu,       Xu,       Re,       Re,       Uu,       Re,       Xu,       Xu,       Xu,    Uu^Uf,    Uu^Uf
       Xu,       Xu,       Xu,       Xu,       Xu,       Xu,    Uu^Uf,       Re,       Xu,       Xu,       Xu,       Xu,       Re,    Uu^Vu,       Xu,       Xu,       Xu,       Xu,       Xu,       Xu,       Xu,       Xu,       Xu,       Re,       Uu,       Xu,       Xu,       Xu
       Xu,       Xu,       Xu,       Xu,       Re,       Re,       Uu,       Uu,       Xu,       Xu,       Xu,       Xu,       Uh,       Re,       Re,       Xu,       Xu,       Xu,       Xu,       Xu,       Xu,       Xu,       Xu,       Uu,       Uh,       Xu,       Xu,       Xu
       Xu,       Xu,      Cud,    Uu^Vu,       Rr,       Uu,       Xu,       Xu,       Xu,       Xu,       Xu,       Xu,       Xu,       Uh,       Uu,       Re,       Uu,    Uu^Uf,       Uu,       Xu,       Xu,       Xu,       Xu,       Uu,       Uh,       Xu,       Xu,       Xu
      Cud,      Cud,     1 Kud,      Cud,       Rr,       Xu,       Xu,       Xu,       Xu,       Xu,       Xu,       Xu,       Xu,       Xu,       Xu,       Re,       Uh,       Uu,       Re,       Uu,       Uu,       Xu,       Uu,       Uu,       Re,       Xu,       Xu,       Xu
      Cud,      Cud,      Cud,      Cud,       Rr,       Xu,       Xu,       Xu,       Xu,       Xu,       Xu,       Xu,       Xu,       Xu,       Xu,       Xu,       Xu,       Xu,       Xu,       Re,       Uu,   Uu^Vud,       Re,       Re,       Xu,       Xu,       Xu,       Xu
      Cud,      Cud,      Cud,      Cud,       Rr,       Xu,       Xu,       Xu,       Xu,       Xu,       Xu,       Xu,       Xu,       Xu,       Xu,       Xu,       Xu,       Xu,       Xu,       Re,       Uu,   Uu,       Re,       Re,       Xu,       Xu,       Xu,       Xu