border_size=1
usage=map

     Ce,     Ce,       Ce,       Ce,       Gg,    Gs^Fp,       Gg,       Gg,       Gg,       Gg,    Gs^Fp,       Gg,    Gs^Fp,    Gs^Fp,    Gs^Fp,    Gs^Fp,    Gs^Fp,    Gs^Fp,       Gg,    Gs^Fp,    Gs^Fp,       Gg,    Gs^Fp,    Gs^Fp,    Gs^Fp,    Gs^Fp,    Gs^Fp,    Gs^Fp,    Gs^Fp,    Gs^Fp,       Gg,       Re,    Gg,    Gs^Fp,    Gs^Fp,       Gg,       Gg,       Gg,       Ce,       Ce,     Ce,     Ce
     Ce,     1 Ke,       Ce,       Ce,       Gg,    Gs^Fp,       Gg,       Gg,       Gg,       Gg,    Gs^Fp,       Gg,    Gs^Fp,    Gs^Fp,    Gs^Fp,    Gs^Fp,    Gs^Fp,    Gs^Fp,       Gg,    Gs^Fp,    Gs^Fp,       Gg,    Gs^Fp,    Gs^Fp,    Gs^Fp,    Gs^Fp,    Gs^Fp,    Gs^Fp,    Gs^Fp,    Gs^Fp,       Gg,       Re,    Gg^Ve,    Gs^Fp,    Gs^Fp,       Gg,       Gg,       Gg,       Ce,       Ce,     3 Ke,     Ce
       Ce,       Ce,       Ce,       Ce,       Gg,       Gg,    Gs^Fp,    Gs^Fp,       Gg,    Gs^Fp,    Gs^Fp,       Gg,    Gs^Fp,    Gs^Fp,       Gg,    Gs^Fp,       Gg,    Gs^Fp,    Gs^Fp,       Gg,       Gg,       Gg,       Gg,       Gg,       Ww,       Ww,       Ww,       Ww,       Gg,       Gg,       Gg,       Re,       Re,    Gs^Fp,    Gs^Fp,    Gs^Fp,       Gg,    Gs^Fp,       Ce,       Ce,       Ce,       Ce
       Ce,       Ce,    Gs^Fp,       Gg,       Gg,       Gg,    Gs^Fp,    Gs^Fp,    Gs^Fp,    Gs^Fp,    Gs^Fp,       Gg,    Gs^Fp,    Gs^Fp,       Re,    Gg^Ve,    Gs^Fp,    Gs^Fp,    Gs^Fp,    Gs^Fp,       Gg,       Gg,    Gs^Fp,    Gs^Fp,       Hh,       Gg,       Gg,       Ww,    Gs^Fp,       Gg,    Gs^Fp,    Gs^Fp,       Re,       Gg,    Gs^Fp,    Gs^Fp,    Gs^Fp,    Gs^Fp,       Ce,       Ce,       Ce,       Ce
       Gg,       Gg,       Gg,       Gg,    Gs^Fp,       Gg,    Gs^Fp,       Gg,    Gs^Fp,    Gs^Fp,    Gs^Fp,       Gg,       Re,       Re,       Gg,       Re,       Re,       Gg,    Gs^Fp,    Gs^Fp,    Gs^Fp,       Gg,       Gg,    Gs^Fp,       Hh,       Hh,    Gs^Fp,    Gs^Fp,    Gs^Fp,    Gs^Fp,    Gs^Fp,    Gs^Fp,    Gs^Fp,       Re,       Re,    Gs^Fp,       Gg,    Gs^Fp,       Gg,       Ce,       Ce,       Ce
       Gg,       Gg,       Gg,    Gs^Fp,       Re,       Re,       Re,    Gs^Fp,       Re,    Gs^Fp,       Re,       Re,    Gs^Fp,    Gs^Fp,    Gs^Fp,    Gs^Fp,       Re,       Gg,    Gs^Fp,    Gs^Fp,       Gg,    Gs^Fp,    Gs^Fp,    Gs^Fp,    Gs^Fp,    Gs^Fp,    Gs^Fp,       Gg,    Gs^Fp,       Gg,    Gs^Fp,       Gg,    Gs^Fp,       Gg,       Re,    Gs^Fp,    Gs^Fp,    Gs^Fp,       Re,       Re,       Gg,       Gg
       Gg,       Gg,       Gg,       Gg,       Re,    Gg^Ve,    Gs^Fp,       Re,    Gs^Fp,       Re,    Gs^Fp,       Gg,    Gs^Fp,       Gg,    Gs^Fp,       Gg,       Re,       Gg,    Gs^Fp,       Gg,    Gs^Fp,    Gs^Fp,    Gs^Fp,    Gs^Fp,       Gg,    Gs^Fp,    Gs^Fp,    Gs^Fp,       Gg,       Gg,       Gg,       Gg,    Gs^Fp,       Gg,       Re,       Gg,       Re,       Re,    Gs^Fp,    Gs^Fp,       Gg,       Gg
    Gs^Fp,    Gs^Fp,    Gs^Fp,    Gs^Fp,       Re,    Gs^Fp,    Gs^Fp,    Gs^Fp,    Gs^Fp,       Gg,       Gg,       Gg,       Gg,    Gs^Fp,    Gs^Fp,    Gs^Fp,    Gs^Fp,       Re,       Re,    Gs^Fp,       Re,       Gg,       Gg,    Gg^Ve,    Gs^Fp,    Gs^Fp,    Gs^Fp,       Gg,    Gs^Fp,    Gs^Fp,    Gs^Fp,    Gs^Fp,    Gs^Fp,       Re,       Gg,       Re,    Gs^Fp,    Gs^Fp,       Hh,       Hh,    Gs^Fp,    Gs^Fp
       Gg,       Gg,       Gg,    Gs^Fp,    Gs^Fp,       Re,    Gs^Fp,    Gs^Fp,    Gs^Fp,       Hh,       Hh,    Gs^Fp,       Gg,       Gg,    Gs^Fp,    Gs^Fp,    Gs^Fp,       Gg,    Gs^Fp,       Re,    Gs^Fp,       Re,       Re,       Re,       Re,       Gg,       Gg,    Gs^Fp,    Gs^Fp,    Gs^Fp,    Gs^Fp,       Ww,    Gs^Fp,       Re,    Gg^Ve,       Re,    Gs^Fp,       Hh,       Hh,       Hh,    Gs^Fp,    Gs^Fp
       Gg,       Gg,       Gg,    Gs^Fp,       Re,       Re,       Gg,    Gs^Fp,       Gg,       Hh,       Hh,       Gg,       Ww,       Gg,       Gg,    Gs^Fp,    Gs^Fp,    Gs^Fp,       Gg,    Gs^Fp,       Re,       Re,       Gg,    Gs^Fp,       Re,       Gg,    Gs^Fp,    Gs^Fp,       Hh,       Gg,    Gs^Fp,       Ww,       Ww,       Re,       Gg,       Re,       Re,    Gs^Fp,    Gs^Fp,       Hh,       Hh,       Hh
       Gg,       Gg,    Gs^Fp,    Gs^Fp,       Re,    Gs^Fp,    Gs^Fp,       Gg,    Gs^Fp,       Hh,       Gg,    Gs^Fp,    Gs^Fp,    Gs^Fp,    Gs^Fp,    Gs^Fp,       Gg,    Gs^Fp,       Re,       Re,    Gs^Fp,    Gs^Fp,    Gs^Fp,       Gg,    Gs^Fp,       Re,       Re,    Gs^Fp,       Hh,       Hh,    Gs^Fp,       Ww,    Gs^Fp,       Re,    Gs^Fp,       Gg,    Gs^Fp,       Re,    Gs^Fp,       Hh,       Hh,       Hh
       Gg,       Gg,    Gs^Fp,       Gg,    Gs^Fp,       Re,    Gs^Fp,    Gs^Fp,    Gs^Fp,    Gs^Fp,    Gs^Fp,    Gs^Fp,       Gg,       Gg,    Gs^Fp,    Gs^Fp,       Re,       Re,    Gs^Fp,    Gs^Fp,       Gg,       Gg,    Gs^Fp,       Gg,    Gs^Fp,    Gs^Fp,    Gs^Fp,       Re,       Gg,       Hh,    Gs^Fp,    Gs^Fp,    Gs^Fp,       Re,    Gs^Fp,    Gs^Fp,    Gs^Fp,       Re,       Re,    Gs^Fp,       Hh,       Hh
       Gg,       Gg,    Gs^Fp,    Gs^Fp,    Gs^Fp,       Re,       Re,    Gs^Fp,    Gs^Fp,    Gs^Fp,       Gg,    Gs^Fp,    Gs^Fp,    Gs^Fp,       Re,       Re,       Gg,    Gs^Fp,    Gs^Fp,   Gg^Fet,    Gs^Fp,    Gs^Fp,    Gs^Fp,    Gs^Fp,   Gg^Fet,    Gs^Fp,    Gs^Fp,       Re,       Re,       Hh,       Hh,    Gs^Fp,       Gg,       Re,    Gs^Fp,    Gs^Fp,    Gs^Fp,       Re,    Gs^Fp,       Re,       Re,       Re
    Gs^Fp,    Gs^Fp,    Gs^Fp,       Gg,       Gg,    Gs^Fp,       Re,    Gg^Ve,       Re,       Re,       Re,       Re,       Re,       Re,       Re,       Gg,    Gg^Ve,       Gg,    Gs^Fp,    Gs^Fp,    Gs^Fp,    Gs^Fp,    Gs^Fp,    Gs^Fp,    Gs^Fp,    Gs^Fp,    Gs^Fp,    Gs^Fp,    Gs^Fp,       Re,       Re,       Gg,       Re,       Re,    Gs^Fp,    Gs^Fp,    Gs^Fp,       Re,    Gs^Fp,    Gs^Fp,    Gs^Fp,    Gs^Fp
    Gs^Fp,    Gs^Fp,    Gs^Fp,    Gs^Fp,       Re,    Gs^Fp,       Re,       Re,       Gg,       Gg,    Gs^Fp,       Gg,       Gg,    Gs^Fp,    Gs^Fp,       Re,    Gs^Fp,    Gs^Fp,    Gs^Fp,    Gs^Fp,      Chr,      Chr,      Chr,    Gs^Fp,    Gs^Fp,       Gg,    Gs^Fp,       Gg,    Gs^Fp,   Gg^Fet,       Re,       Re,    Gs^Fp,       Gg,    Gs^Fp,    Gs^Fp,       Gg,       Re,    Gs^Fp,    Gs^Fp,    Gs^Fp,    Gs^Fp
    Gs^Fp,    Gs^Fp,       Re,       Re,       Gg,       Re,       Re,    Gs^Fp,       Gg,       Gg,    Gs^Fp,       Gg,    Gs^Fp,    Gs^Fp,       Gg,       Re,       Gg,   Gg^Fet,    Gs^Fp,    Gs^Fp,      Chr,     5 Kh,      Chr,    Gs^Fp,    Gs^Fp,       Gg,    Gs^Fp,       Gg,       Gg,    Gs^Fp,       Re,       Gg,       Gg,       Gg,    Gs^Fp,       Gg,       Re,       Re,       Re,    Gs^Fp,       Gg,       Gg
       Re,       Re,    Gs^Fp,       Gg,    Gs^Fp,    Gs^Fp,       Re,    Gs^Fp,       Gg,       Gg,       Gg,    Gs^Fp,       Gg,       Gg,    Gs^Fp,       Re,    Gs^Fp,    Gs^Fp,       Gg,    Gs^Fp,    Gs^Fp,      Chr,    Gs^Fp,    Gs^Fp,    Gs^Fp,       Gg,    Gs^Fp,    Gs^Fp,       Re,       Re,    Gs^Fp,    Gs^Fp,    Gs^Fp,    Gs^Fp,    Gs^Fp,    Gs^Fp,    Gg^Ve,       Gg,       Re,    Gs^Fp,    Gs^Fp,    Gs^Fp
    Gs^Fp,    Gs^Fp,    Gs^Fp,    Gs^Fp,    Gs^Fp,    Gs^Fp,       Re,       Gg,    Gs^Fp,    Gs^Fp,       Gg,       Gg,       Gg,       Gg,    Gs^Fp,       Re,    Gs^Fp,    Gs^Fp,    Gs^Fp,    Gs^Fp,    Gs^Fp,    Gs^Fp,    Gs^Fp,   Gg^Fet,    Gs^Fp,    Gg^Ve,       Re,       Re,    Gs^Fp,    Gs^Fp,    Gs^Fp,       Gg,    Gs^Fp,    Gs^Fp,    Gs^Fp,    Gs^Fp,    Gs^Fp,    Gs^Fp,       Re,    Gs^Fp,    Gs^Fp,    Gs^Fp
    Gs^Fp,    Gs^Fp,       Gg,    Gs^Fp,       Hh,    Gs^Fp,       Re,    Gs^Fp,    Gs^Fp,    Gs^Fp,    Gs^Fp,    Gs^Fp,    Gs^Fp,       Gg,       Gg,       Re,    Gs^Fp,    Gs^Fp,       Gg,    Gs^Fp,    Gs^Fp,       Gg,       Gg,    Gs^Fp,       Re,       Re,       Gg,    Gs^Fp,       Gg,       Gg,    Gs^Fp,    Gs^Fp,    Gs^Fp,       Gg,    Gs^Fp,       Gg,    Gs^Fp,       Gg,       Re,    Gs^Fp,    Gs^Fp,    Gs^Fp
    Gs^Fp,    Gs^Fp,    Gs^Fp,       Hh,       Hh,       Hh,    Gs^Fp,       Re,       Re,       Gg,       Gg,    Gs^Fp,       Gg,    Gs^Fp,    Gs^Fp,       Re,       Re,       Gg,       Gg,   Gg^Fet,    Gs^Fp,    Gs^Fp,       Re,       Re,    Gs^Fp,       Gg,    Gs^Fp,    Gs^Fp,       Gg,       Gg,    Gs^Fp,       Gg,    Gs^Fp,    Gs^Fp,       Gg,    Gs^Fp,       Gg,    Gs^Fp,       Re,    Gs^Fp,    Gs^Fp,    Gs^Fp
       Gg,       Gg,    Gs^Fp,       Hh,       Hh,    Gs^Fp,    Gs^Fp,    Gg^Ve,       Re,    Gs^Fp,    Gs^Fp,    Gs^Fp,       Gg,    Gs^Fp,       Ww,       Ww,    Gs^Fp,       Re,       Gg,       Gg,    Gs^Fp,    Gs^Fp,       Re,    Gs^Fp,       Gg,       Gg,       Gg,    Gs^Fp,       Gg,       Gg,       Ww,    Gs^Fp,    Gs^Fp,       Gg,    Gs^Fp,       Gg,    Gs^Fp,    Gs^Fp,       Re,    Gs^Fp,    Gs^Fp,    Gs^Fp
       Gg,       Gg,       Gg,    Gs^Fp,    Gs^Fp,    Gs^Fp,       Gg,    Gs^Fp,    Gs^Fp,       Re,    Gs^Fp,    Gs^Fp,    Gs^Fp,       Ww,    Gs^Fp,       Ww,    Gs^Fp,       Re,       Gg,    Gs^Fp,    Gs^Fp,       Re,    Gs^Fp,       Gg,       Hh,       Gg,    Gs^Fp,       Gg,       Ww,       Ww,       Gg,    Gs^Fp,    Gs^Fp,       Hh,       Hh,    Gs^Fp,       Gg,    Gs^Fp,       Re,       Gg,    Gs^Fp,    Gs^Fp
       Gg,       Gg,    Gs^Fp,    Gs^Fp,       Gg,       Gg,       Gg,    Gs^Fp,    Gs^Fp,       Re,    Gs^Fp,       Gg,       Gg,       Gg,       Gg,       Ww,    Gs^Fp,       Re,       Re,    Gs^Fp,       Re,       Re,    Gs^Fp,    Gs^Fp,       Hh,       Hh,    Gs^Fp,    Gs^Fp,       Ww,       Ww,    Gs^Fp,    Gs^Fp,       Gg,       Hh,    Gs^Fp,       Gg,    Gs^Fp,    Gs^Fp,       Re,    Gs^Fp,    Gs^Fp,    Gs^Fp
    Gs^Fp,    Gs^Fp,    Gs^Fp,    Gs^Fp,       Gg,       Hh,       Hh,    Gs^Fp,       Re,       Re,       Gg,    Gs^Fp,       Gg,    Gs^Fp,       Gg,    Gs^Fp,    Gs^Fp,    Gs^Fp,       Re,    Gg^Ve,       Re,    Gs^Fp,    Gs^Fp,    Gs^Fp,       Hh,       Gg,       Gg,       Gg,    Gs^Fp,       Gg,    Gs^Fp,    Gs^Fp,    Gs^Fp,       Gg,    Gs^Fp,    Gs^Fp,    Gs^Fp,       Re,    Gs^Fp,    Gs^Fp,    Gs^Fp,    Gs^Fp
       Gg,       Gg,       Gg,    Gs^Fp,       Gg,       Hh,       Hh,    Gs^Fp,       Re,       Gg,       Gg,       Gg,    Gs^Fp,    Gs^Fp,    Gs^Fp,    Gs^Fp,    Gs^Fp,    Gs^Fp,       Re,       Re,    Gs^Fp,       Re,       Re,    Gs^Fp,    Gs^Fp,       Hh,    Gs^Fp,    Gs^Fp,    Gs^Fp,    Gs^Fp,    Gs^Fp,       Gg,       Gg,       Gg,    Gs^Fp,    Gs^Fp,       Re,       Re,    Gs^Fp,       Gg,    Gs^Fp,    Gs^Fp
    Gs^Fp,    Gs^Fp,       Gg,       Gg,    Gs^Fp,       Hh,       Re,       Re,    Gs^Fp,    Gs^Fp,       Gg,    Gs^Fp,    Gs^Fp,       Gg,    Gs^Fp,       Gg,       Re,       Re,    Gs^Fp,    Gs^Fp,       Gg,    Gs^Fp,    Gs^Fp,       Re,    Gs^Fp,    Gs^Fp,    Gs^Fp,    Gs^Fp,    Gs^Fp,       Gg,    Gs^Fp,    Gs^Fp,    Gs^Fp,    Gs^Fp,    Gg^Ve,       Re,       Re,    Gs^Fp,    Gs^Fp,       Gg,       Gg,       Gg
    Gs^Fp,    Gs^Fp,       Gg,       Gg,    Gs^Fp,       Gg,       Re,    Gg^Ve,    Gs^Fp,    Gs^Fp,    Gs^Fp,       Gg,    Gs^Fp,    Gs^Fp,       Re,       Re,       Gg,    Gs^Fp,    Gs^Fp,    Gs^Fp,       Gg,       Gg,       Gg,       Re,       Re,       Gg,    Gs^Fp,       Gg,    Gs^Fp,       Gg,    Gs^Fp,    Gs^Fp,       Re,       Re,    Gs^Fp,    Gs^Fp,    Gs^Fp,       Re,       Gg,    Gs^Fp,       Gg,       Gg
       Gg,       Gg,       Gg,       Gg,       Gg,       Gg,       Re,    Gs^Fp,    Gs^Fp,    Gs^Fp,    Gs^Fp,    Gs^Fp,       Re,       Re,    Gs^Fp,    Gs^Fp,    Gs^Fp,    Gs^Fp,       Gg,    Gs^Fp,       Gg,    Gs^Fp,    Gs^Fp,       Gg,    Gs^Fp,       Re,       Re,       Gg,    Gs^Fp,       Gg,    Gs^Fp,       Re,       Gg,    Gs^Fp,       Gg,    Gs^Fp,    Gs^Fp,       Re,       Re,    Gs^Fp,    Gs^Fp,    Gs^Fp
       Ce,       Ce,       Ce,       Gg,    Gs^Fp,       Gg,       Re,       Gg,       Re,    Gs^Fp,       Re,       Re,    Gs^Fp,    Gs^Fp,    Gs^Fp,       Gg,    Gs^Fp,    Gs^Fp,    Gs^Fp,    Gs^Fp,    Gs^Fp,    Gs^Fp,    Gs^Fp,    Gs^Fp,       Gg,    Gs^Fp,    Gs^Fp,       Re,    Gs^Fp,       Gg,       Re,       Re,    Gs^Fp,    Gs^Fp,    Gs^Fp,       Gg,       Gg,       Gg,       Ce,       Ce,       Ce,       Ce
       Ce,       Ce,       Ce,       Ce,       Ce,       Re,       Gg,       Re,       Gg,       Re,    Gs^Fp,       Gg,       Gg,       Gg,       Gg,    Gs^Fp,       Gg,    Gs^Fp,    Gs^Fp,       Gg,    Gs^Fp,    Gs^Fp,    Gs^Fp,       Gg,    Gs^Fp,    Gs^Fp,    Gs^Fp,       Re,       Re,    Gs^Fp,       Re,       Gg,       Gg,       Gg,    Gs^Fp,       Gg,    Gs^Fp,       Ce,       Ce,       Ce,       Ce,       Ce
     Ce,     2 Ke,       Ce,       Ce,       Ce,    Gs^Fp,    Gs^Fp,       Gg,    Gs^Fp,    Gs^Fp,    Gs^Fp,       Gg,    Gs^Fp,       Gg,    Gs^Fp,    Gs^Fp,    Gs^Fp,    Gs^Fp,    Gs^Fp,    Gs^Fp,       Gg,       Gg,    Gs^Fp,       Gg,    Gs^Fp,    Gg^Ve,       Re,       Re,    Gs^Fp,       Re,    Gs^Fp,       Gg,    Gs^Fp,    Gs^Fp,    Gs^Fp,    Gs^Fp,    Gs^Fp,       Ce,       Ce,       Ce,     4 Ke,     Ce
     Ce,     Ce,       Ce,       Ce,       Ce,    Gs^Fp,    Gs^Fp,       Gg,    Gs^Fp,    Gs^Fp,    Gs^Fp,       Gg,    Gs^Fp,       Gg,    Gs^Fp,    Gs^Fp,    Gs^Fp,    Gs^Fp,    Gs^Fp,    Gs^Fp,       Gg,       Gg,    Gs^Fp,       Gg,    Gs^Fp,    Gg,       Re,       Re,    Gs^Fp,       Re,    Gs^Fp,       Gg,    Gs^Fp,    Gs^Fp,    Gs^Fp,    Gs^Fp,    Gs^Fp,       Ce,       Ce,       Ce,     Ce,     Ce