border_size=1
usage=map

       Ch,       Ch,       Gg,       Ch,       Gg,       Ch,       Gg,       Ch,       Gg,       Ch,       Gg,       Ch,       Gg,       Ch,       Rr,       Rr,       Ch,       Rr,       Rr,       Ch,       Gg,       Ch,       Gg,       Ch,       Gg,       Ch,       Gg,       Ch,       Gg,       Ch,       Gg,       Ch,       Ch
       Ch,       Ch,       Gg,       Ch,       Gg,       Ch,       Gg,       Ch,       Gg,       Ch,       Gg,       Ch,       Gg,       Ch,       Rr,       Rr,       Ch,       Rr,       Rr,       Ch,       Gg,       Ch,       Gg,       Ch,       Gg,       Ch,       Gg,       Ch,       Gg,       Ch,       Gg,       Ch,       Ch
       Gg,       Gg,       Gg,       Gg,       Gg,       Gg,       Gg,       Gg,       Gg,       Gg,       Gg,       Gg,       Gg,       Gg,       Gg,       Ch,     1 Kh,       Ch,       Gg,       Gg,       Gg,       Gg,       Gg,       Gg,       Gg,       Gg,       Gg,       Gg,       Gg,       Gg,       Gg,       Gg,       Gg
       Gg,       Gg,       Gg,       Gg,       Gg,       Gg,       Gg,       Gg,       Gg,       Gg,       Gg,       Gg,       Gg,       Gg,       Gg,       Ch,       Ch,       Ch,       Gg,       Gg,       Gg,       Gg,    Gg^Vh,       Gg,       Gg,       Gg,       Gg,       Gg,       Gg,       Gg,       Gg,       Gg,       Gg
       Gg,       Gg,       Gg,       Gg,    Gg^Vh,       Gg,       Gg,       Gg,       Gg,       Gg,    Gs^Fp,       Gg,       Gg,       Gg,       Gg,       Gg,       Gg,       Gg,       Gg,       Gg,       Gg,       Gg,       Gg,       Gg,       Gg,       Gg,       Gg,       Gg,       Gg,       Gg,    Gs^Fp,    Gs^Fp,    Gs^Fp
       Gg,       Gg,       Gg,       Gg,       Gg,       Gg,       Gg,       Gg,       Gg,       Gg,       Gg,       Gg,       Gg,       Gg,       Gg,       Gg,       Gg,       Gg,       Gg,       Gg,       Gg,       Gg,       Gg,       Gg,       Gg,       Gg,       Gg,       Gg,       Gg,       Gg,    Gs^Fp,    Gs^Fp,    Gs^Fp
       Gg,       Gg,       Gg,       Gg,       Gg,       Gg,       Gg,       Gg,       Gg,       Gg,       Gg,       Gg,       Gg,       Gg,       Gg,       Gg,       Gg,       Gg,       Gg,       Gg,       Gg,       Gg,    Gs^Fp,    Gs^Fp,       Gg,       Gg,       Gg,       Gg,       Gg,       Gg,       Gg,    Gs^Fp,    Gs^Fp
       Gg,       Gg,       Gg,       Gg,       Gg,       Gg,       Gg,       Gg,       Gg,       Gg,       Gg,       Gg,       Gg,       Gg,       Gg,       Gg,       Gg,       Gg,    Gg^Vh,       Gg,       Gg,       Gg,       Gg,    Gs^Fp,       Gg,       Gg,       Gg,       Gg,       Gg,    Gg^Vh,       Gg,    Gs^Fp,    Gs^Fp
       Gg,       Gg,       Gg,       Gg,    Gs^Fp,       Hh,       Hh,       Gg,       Gg,       Gg,       Gg,       Gg,       Gg,       Gg,       Gg,       Gg,       Gg,       Gg,       Gg,       Gg,       Gg,       Gg,       Gg,       Gg,       Gg,       Gg,       Gg,       Gg,       Gg,       Gg,       Ww,       Ww,       Ww
       Gg,       Gg,       Gg,       Gg,       Gg,    Gs^Fp,       Hh,       Gg,       Gg,    Gg^Vh,       Gg,       Gg,       Gg,       Gg,       Gg,       Gg,    Gs^Fp,       Gg,       Gg,       Gg,       Gg,       Gg,       Gg,       Gg,       Gg,       Gg,       Gg,       Gg,       Gg,       Gg,       Ww,    Gs^Fp,    Gs^Fp
       Gg,       Gg,       Gg,       Gg,       Gg,    Gs^Fp,       Gg,       Gg,       Gg,       Gg,       Gg,       Gg,       Gg,       Gg,       Gg,       Gg,       Gg,       Gg,       Gg,       Gg,       Gg,       Gg,       Gg,       Gg,    Gg^Vh,       Gg,       Gg,       Gg,       Ww,       Ww,    Gs^Fp,    Gs^Fp,    Gs^Fp
       Gg,       Gg,       Gg,       Gg,       Gg,       Gg,       Gg,       Gg,       Gg,       Gg,       Gg,       Gg,       Gg,       Gg,       Gg,       Gg,       Gg,       Gg,       Gg,       Gg,    Gs^Fp,       Gg,       Ww,       Ww,   Ww^Bw|,       Gg,       Ww,       Ww,       Gg,       Gg,    Gs^Fp,    Gs^Fp,    Gs^Fp
       Gg,       Gg,       Gg,       Gg,       Hh,       Gg,       Gg,       Gg,       Gg,       Gg,       Gg,       Gg,       Gg,       Gg,       Gg,       Gg,       Gg,       Gg,       Gg,    Gs^Fp,       Ww,       Ww,       Gg,       Gg,       Gg,       Ww,       Gg,       Gg,       Gg,       Gg,       Gg,    Gs^Fp,    Gs^Fp
       Gg,       Gg,       Gg,       Hh,       Hh,       Hh,       Gg,       Gg,       Gg,    Gg^Vh,       Gg,       Gg,       Gg,       Gg,       Gg,       Gg,       Gg,       Gg,       Ww,       Ww,       Gg,       Gg,       Gg,       Gg,       Gg,       Gg,       Gg,       Gg,       Gg,       Gg,       Gg,       Gg,       Gg
       Gg,       Gg,       Gg,       Gg,       Hh,       Hh,       Gg,       Gg,       Gg,       Gg,       Gg,       Gg,       Gg,       Gg,       Gg,       Gg,       Gg,       Gg,   Ww^Bw\,       Gg,       Gg,       Gg,       Gg,    Gs^Fp,    Gs^Fp,    Gs^Fp,       Gg,       Gg,       Gg,       Gg,       Gg,       Gg,       Gg
       Gg,       Gg,       Gg,       Gg,       Gg,       Gg,       Gg,       Gg,       Gg,       Gg,       Gg,       Gg,       Gg,       Gg,       Gg,       Gg,       Ww,       Ww,       Gg,    Gg^Vh,       Gg,       Gg,       Gg,       Gg,       Gg,       Gg,       Gg,       Gg,       Gg,       Gg,       Gg,       Gg,       Gg
       Gg,       Gg,       Gg,       Gg,       Gg,       Gg,       Gg,       Gg,    Gs^Fp,       Gg,       Gg,       Gg,       Gg,       Gg,       Ww,       Ww,       Gg,       Gg,       Gg,       Gg,       Gg,       Gg,       Gg,       Gg,       Gg,       Gg,       Gg,       Gg,       Gg,       Gg,       Gg,       Gg,       Gg
       Gg,       Gg,       Gg,       Gg,       Gg,       Gg,       Gg,    Gs^Fp,       Gg,       Gg,       Gg,       Gg,       Ww,       Ww,    Gs^Fp,       Gg,       Gg,       Gg,       Gg,       Gg,       Gg,       Gg,       Gg,       Gg,       Gg,       Gg,       Gg,       Gg,    Gg^Vh,       Gg,       Gg,       Gg,       Gg
       Gg,       Gg,       Gg,       Gg,       Gg,       Gg,       Gg,       Gg,       Gg,       Gg,       Gg,       Gg,       Ww,    Gs^Fp,    Gs^Fp,       Gg,       Gg,       Gg,       Gg,    Gs^Fp,    Gs^Fp,       Gg,       Gg,       Gg,       Gg,       Gg,       Gg,       Gg,       Gg,       Gg,       Gg,       Gg,       Gg
       Gg,       Gg,       Gg,    Gg^Vh,       Gg,       Gg,       Gg,       Gg,       Gg,       Gg,       Gg,    Gg^Vh,       Gg,       Ww,       Gg,       Gg,       Gg,       Gg,       Gg,       Gg,       Gg,       Gg,       Gg,       Gg,       Gg,       Hh,       Gg,       Gg,       Gg,       Gg,       Gg,       Gg,       Gg
       Gg,       Gg,       Gg,       Gg,       Gg,       Gg,       Gg,       Gg,       Gg,       Gg,       Gg,       Gg,       Gg,       Ww,       Gg,       Gg,       Gg,       Gg,       Gg,       Gg,       Gg,       Gg,       Gg,       Gg,       Gg,       Gg,       Gg,       Gg,       Gg,       Gg,       Gg,       Gg,       Gg
       Gg,       Gg,       Gg,       Gg,       Gg,       Gg,       Gg,       Hh,       Hh,       Gg,       Gg,       Gg,       Gg,       Ww,       Gg,       Gg,       Gg,       Gg,       Gg,       Gg,       Gg,       Gg,       Gg,       Gg,       Gg,       Gg,       Gg,       Gg,       Gg,       Gg,       Gg,       Re,       Re
       Gg,       Gg,       Gg,       Gg,       Gg,       Gg,       Gg,       Gg,       Gg,       Gg,       Gg,       Gg,       Gg,       Ww,       Gg,       Gg,       Gg,       Gg,       Gg,       Gg,       Gg,       Gg,       Re,       Gg,       Ce,       Ce,       Ce,       Gg,       Gg,       Gg,       Gg,       Re,       Re
       Gg,       Gg,       Gg,       Gg,       Re,       Gg,       Ce,       Gg,       Gg,       Gg,       Gg,       Gg,       Gg,      Wwf,       Ds,       Gg,       Gg,    Gg^Vh,       Gg,       Gg,       Re,       Re,       Re,       Gg,       Ce,     3 Ke,       Ce,       Gg,       Gg,       Gg,       Re,       Re,       Re
       Ds,       Ds,       Ds,       Re,       Re,       Ce,     2 Ke,       Ce,       Gg,       Gg,       Gg,       Gg,       Ds,      Wwf,       Ww,       Ds,       Ds,       Gg,       Gg,       Ds,       Ds,       Re,       Ds,       Ds,       Ds,       Ce,       Ds,       Gg,       Gg,       Gg,       Ds,       Ds,       Ds
       Ds,       Ds,       Ds,       Ds,       Ds,       Ce,       Ce,       Ce,       Ds,       Ds,       Ds,       Ds,       Ds,       Ww,       Ww,       Ds,       Ds,       Ds,       Ds,       Ds,       Ds,       Ds,       Ds,       Ds,       Ww,       Ds,       Ds,       Ds,       Ds,       Ds,       Ds,       Ds,       Ds
       Ds,       Ds,       Ds,       Ds,       Ds,       Ds,       Ds,       Ds,       Ds,       Ds,       Ds,       Ds,   Ww^Bw|,       Ds,       Ww,       Ww,       Ds,       Ds,       Ds,       Ds,       Ds,       Ds,       Ww,       Ww,       Ww,       Ww,       Ww,       Ds,       Ds,       Ds,       Ds,       Ds,       Ds
       Ww,       Ww,       Ww,       Ds,   Ww^Bw|,       Ds,       Ds,       Ds,       Ds,       Ds,       Ww,       Ww,   Ww^Bw|,       Ww,       Ww,       Ww,       Ww,       Ww,       Ww,       Ds,       Ww,   Ww^Bw|,       Ww,       Ww,       Ww,       Ww,       Ww,       Ww,       Ww,   Ww^Bw|,       Ww,       Ds,       Ds
       Ww,       Ww,       Ww,       Ww,   Ww^Bw|,       Ww,       Ww,       Ww,       Ww,       Ww,       Ww,       Ww,   Ww^Bw|,       Ww,       Ww,       Ww,       Ww,       Ww,       Ww,       Ww,       Ww,   Ww^Bw|,       Ww,       Ww,       Ww,       Ww,       Ww,       Ww,       Ww,   Ww^Bw|,       Ww,       Ww,       Ww
       Ww,       Ww,       Ww,       Ww,   Ww^Bw|,       Ww,       Ww,       Ww,       Ww,       Ww,       Ww,       Ww,       Ww,       Ww,       Ww,       Ww,       Ww,       Ww,       Ww,       Ww,       Ww,   Ww^Bw|,       Ww,       Ww,       Ww,       Ww,       Ww,       Ww,       Ww,   Ww^Bw|,       Ww,       Ww,       Ww
       Ww,       Ww,       Ww,       Ww,       Ww,       Ww,       Ww,       Ww,       Ww,       Ww,       Ww,       Ww,       Ww,       Ww,       Ww,       Ww,       Ww,       Ww,       Ww,       Ww,       Ww,       Ww,       Ww,       Ww,       Wo,       Ww,       Ww,       Wo,       Wo,       Ww,       Ww,       Ww,       Ww
       Ww,       Ww,       Wo,       Ww,       Wo,       Ww,       Ww,       Ww,       Wo,    Ww^Vm,       Wo,       Ww,       Wo,       Wo,       Wo,       Ww,       Wo,       Wo,       Wo,    Ww^Vm,       Wo,       Wo,       Wo,       Wo,       Wo,       Wo,       Wo,       Wo,       Wo,       Wo,       Wo,    Ww^Vm,    Ww
       Wo,       Wo,       Wo,       Wo,       Wo,       Wo,       Wo,       Wo,       Wo,       Wo,       Wo,       Wo,       Wo,       Wo,       Wo,       Wo,       Wo,       Wo,       Wo,       Wo,       Wo,       Wo,       Wo,       Wo,       Wo,       Wo,       Wo,       Wo,       Wo,       Wo,       Wo,       Wo,       Wo
       Wo,       Wo,       Wo,       Wo,       Wo,       Wo,       Wo,       Wo,       Wo,       Wo,       Wo,       Wo,       Wo,       Wo,       Wo,       Wo,       Wo,       Wo,       Wo,       Wo,       Wo,       Wo,       Wo,       Wo,       Wo,       Wo,       Wo,       Wo,       Wo,       Wo,       Wo,       Wo,       Wo