border_size=1
usage=map

       Wo,       Wo,       Wo,       Wo,       Wo,       Wo,       Wo,       Wo,       Wo,       Wo,       Wo,       Wo,       Wo,       Wo,       Wo,       Wo,       Wo,       Wo,       Wo,       Wo,       Wo,       Wo,       Wo,       Wo,       Wo,       Wo,       Wo,       Wo,       Wo,       Wo,       Wo,       Wo
       Wo,       Wo,       Wo,       Wo,       Wo,       Wo,       Wo,       Wo,       Wo,       Wo,       Wo,       Wo,       Wo,       Wo,       Wo,       Wo,       Wo,       Wo,       Wo,       Wo,       Wo,       Wo,       Wo,       Wo,       Wo,       Wo,       Wo,       Wo,       Wo,       Wo,       Wo,       Wo
       Wo,       Wo,       Wo,       Wo,       Wo,       Wo,       Wo,       Wo,       Wo,       Wo,       Wo,       Wo,       Wo,       Wo,       Wo,       Wo,       Wo,       Wo,    Ww^Vm,       Wo,       Wo,       Wo,       Wo,       Wo,       Wo,       Wo,       Wo,       Wo,       Wo,       Wo,       Wo,       Wo
       Wo,       Wo,       Wo,       Wo,       Wo,       Wo,       Wo,       Wo,       Wo,       Wo,       Wo,       Wo,       Wo,       Wo,       Wo,       Wo,       Wo,       Wo,       Wo,       Wo,       Wo,       Wo,       Wo,       Wo,       Wo,       Wo,       Wo,       Wo,       Wo,       Wo,       Wo,       Wo
       Wo,       Wo,       Wo,       Wo,       Wo,       Wo,       Wo,    Ww^Vm,       Wo,       Wo,       Wo,       Wo,       Wo,       Wo,       Wo,       Wo,       Wo,       Wo,       Wo,       Wo,       Wo,       Wo,       Wo,       Wo,       Wo,       Wo,       Wo,       Wo,       Wo,       Wo,       Wo,       Wo
       Wo,       Wo,       Wo,       Wo,       Wo,       Wo,       Wo,       Wo,       Wo,       Wo,       Wo,       Wo,       Wo,       Wo,       Wo,       Wo,       Wo,       Wo,       Wo,       Wo,       Wo,       Wo,       Wo,       Wo,       Wo,       Wo,       Wo,       Wo,    Ww^Vm,       Wo,       Wo,       Wo
       Wo,       Wo,       Wo,       Wo,       Wo,       Wo,       Wo,       Wo,       Wo,       Wo,       Wo,       Wo,       Wo,       Wo,       Wo,       Wo,       Wo,       Wo,       Wo,       Wo,       Wo,       Wo,       Ww,       Wo,       Wo,       Wo,       Wo,       Wo,       Wo,       Wo,       Wo,       Wo
       Wo,       Wo,       Wo,       Wo,       Wo,       Wo,       Wo,       Wo,       Wo,       Wo,       Wo,       Wo,       Wo,       Wo,       Wo,       Wo,       Wo,       Wo,       Wo,       Wo,       Wo,       Wo,       Wo,       Ww,       Wo,       Wo,       Wo,       Wo,       Wo,       Wo,       Wo,       Wo
       Ww,       Ww,       Ww,       Wo,       Ww,       Ww,       Ww,       Ww,       Ww,       Ww,       Wo,       Ww,       Ww,       Ww,       Ww,       Ww,       Ww,       Wo,       Ww,       Ww,       Ww,       Ww,       Ww,       Ww,       Ww,       Ww,       Wo,       Ww,       Ww,       Ww,       Ww,       Ww
       Ww,       Ww,       Ww,       Ww,       Ww,       Ww,       Ww,       Ww,       Ww,       Wo,       Ww,       Ww,       Ww,       Ww,       Ds,       Ww,       Ww,       Ww,       Ww,       Ww,       Ww,       Ww,       Ww,       Ww,       Ww,       Ww,       Ww,       Ww,       Ww,       Ww,       Ww,       Ww
       Ss,       Ss,       Ss,       Ww,       Ww,       Ds,       Ce,       Ce,       Ce,       Ds,       Ds,       Ds,       Ss,       Ds,       Ss,       Ss,       Ss,       Ss,       Ds,       Ds,       Ss,       Ds,       Ss,       Ss,       Ss,       Ds,       Ds,       Ww,       Ww,       Ds,       Ss,       Ss
       Ss,       Ss,       Ss,       Ss,       Ds,       Ds,       Ce,     1 Ke,       Ce,       Ss,       Ss,       Ss,       Ss,       Ss,       Ss,       Ss,       Ss,       Ss,       Ss,       Ss,       Ss,       Ss,       Ss,       Ss,       Ss,       Ss,       Ss,       Ww,       Ds,       Ds,       Ss,       Ss
       Ss,       Ss,       Ss,       Ss,       Ss,       Ds,       Ss,       Ce,       Ss,       Ss,       Ss,       Ss,   Ss^Vhs,       Ss,       Ss,       Ss,       Ss,       Ss,       Ss,       Ss,       Ss,       Ss,       Ss,       Ss,       Ss,       Ss,       Ss,       Ds,       Ss,       Ss,       Ss,       Ss
       Ss,       Ss,       Ss,       Ss,       Ss,       Ss,   Ss^Vhs,       Ss,       Ss,       Ss,       Ss,       Ss,       Ss,       Ss,       Ss,       Ss,       Ss,       Ss,       Ss,       Ss,       Ss,       Ss,       Ss,       Ss,       Ss,       Ss,       Ss,       Ss,   Ss^Vhs,       Ss,       Ss,       Ss
       Ss,       Ss,       Ss,       Ss,       Ss,       Ss,       Ss,       Ss,       Ss,       Ss,       Ss,       Ss,       Re,       Ss,       Hh,       Ss,       Ss,       Ss,       Ss,       Hh,       Ss,       Ss,       Ss,       Ss,       Ss,       Ss,       Ss,       Ss,       Ss,       Ss,       Ss,       Ss
       Ss,       Ss,       Ss,       Ss,       Ss,       Ss,       Ss,       Ss,       Ss,       Ss,       Ss,       Hh,       Hh,       Re,       Hh,       Hh,       Hh,       Hh,       Hh,       Ss,       Hh,       Hh,       Hh,       Ss,       Hh,       Ss,       Ss,       Ss,       Ss,       Ss,       Ss,       Ss
       Ss,       Ss,       Ss,       Ss,       Ss,       Ss,       Ss,       Ss,       Ss,       Ss,       Ss,       Hh,       Hh,       Re,       Re,       Hh,       Hh,       Hh,       Hh,       Hh,       Hh,       Hh,       Hh,       Hh,       Hh,       Hh,       Re,       Ss,       Ss,       Ss,       Ss,       Ss
       Ss,       Ss,       Ss,       Ss,       Hh,       Ss,       Hh,       Ss,       Ss,       Ss,       Hh,       Hh,       Hh,       Hh,       Hh,       Re,       Hh,       Hh,       Hh,       Hh,       Re,       Hh,       Re,       Re,       Re,       Re,       Hh,       Hh,       Ss,       Ss,       Ss,       Ss
       Hh,       Hh,       Hh,       Ss,       Ss,       Hh,       Hh,       Hh,       Hh,       Hh,       Hh,       Hh,   Hh^Vhh,       Hh,       Hh,       Re,       Re,       Hh,       Re,       Re,       Hh,       Re,       Hh,       Hh,       Hh,       Hh,       Hh,       Hh,       Hh,       Hh,       Ss,       Ss
       Ss,       Ss,       Hh,       Hh,       Hh,       Ss,       Ss,       Hh,       Hh,       Hh,       Hh,       Hh,       Hh,       Hh,       Hh,       Hh,       Hh,       Re,       Hh,       Hh,       Hh,       Hh,       Hh,       Hh,       Hh,       Hh,       Hh,       Hh,       Ss,       Ss,       Ss,       Ss
       Hh,       Hh,       Ss,       Ss,       Ss,       Hh,       Ss,       Hh,       Re,       Hh,       Hh,       Hh,       Hh,       Hh,       Hh,       Hh,       Hh,       Re,       Hh,       Hh,       Hh,       Hh,       Hh,       Hh,   Hh^Vhh,       Hh,       Hh,       Hh,       Ss,       Ss,       Ss,       Ss
       Ss,       Ss,       Ss,       Ss,   Ss^Vhs,       Ss,       Ss,       Re,       Hh,       Re,       Re,       Hh,       Hh,       Hh,       Hh,       Hh,       Hh,       Re,       Hh,       Hh,       Ss,       Ss,       Hh,       Hh,       Hh,       Hh,       Hh,       Hh,       Ss,       Ss,       Ss,       Ss
       Ss,       Ss,       Ss,       Ss,       Ss,       Ss,       Hh,       Ss,       Ss,       Hh,       Hh,       Re,       Re,       Hh,       Ss,       Ss,       Ss,       Ss,       Ss,       Ss,       Ss,       Ss,       Hh,       Hh,       Ss,       Ss,       Ss,       Hh,       Hh,       Ss,       Hh,       Hh
       Ss,       Ss,       Ss,       Ss,       Ss,       Hh,       Hh,       Hh,       Hh,       Ss,       Hh,       Hh,       Ss,       Ss,       Ss,       Ss,       Ss,       Ss,       Ss,       Ss,       Ss,       Ss,       Hh,       Hh,       Hh,       Ss,       Ss,       Hh,       Hh,       Hh,       Ss,       Ss
       Ss,       Ss,       Ss,       Ss,       Hh,       Hh,       Hh,       Hh,       Ss,       Ss,       Hh,       Hh,       Ss,       Ss,       Ss,       Ss,      Chs,      Chs,      Chs,       Ss,       Ss,       Ss,       Ss,       Hh,       Ss,   Ss^Vhs,       Ss,       Ss,       Ss,       Hh,       Ss,       Ss
       Ss,       Ss,       Ss,       Ss,       Ss,       Hh,       Ss,       Hh,       Ss,       Hh,       Hh,       Hh,       Re,       Ss,       Ss,       Ss,      Chs,     2 Kh,      Chs,       Ss,       Ss,       Ss,       Ss,       Ss,       Hh,       Ss,       Ss,       Ss,       Ss,       Ss,       Ss,       Ss
       Ss,       Ss,       Ss,       Ss,       Hh,       Hh,       Hh,       Hh,       Hh,       Ss,       Ss,       Re,       Hh,       Ss,       Ss,       Ss,       Ss,      Chs,       Ss,       Ss,       Ss,       Ss,       Hh,       Hh,       Hh,       Ss,       Hh,       Ss,       Hh,       Ss,       Ss,       Ss
       Ss,       Ss,       Ss,       Ss,       Hh,       Hh,       Hh,       Hh,       Re,       Re,       Ss,       Hh,       Hh,       Ss,       Ss,       Ss,       Ss,       Ss,       Ss,       Ss,       Ss,       Re,       Re,       Hh,       Hh,       Hh,       Hh,       Hh,       Hh,       Hh,       Hh,       Hh
       Ss,       Ss,       Ss,       Ss,       Hh,       Hh,       Re,       Re,       Hh,       Hh,       Ss,       Hh,       Hh,       Hh,       Ss,       Ss,       Ss,       Ss,       Ss,       Ss,       Hh,       Hh,   Hh^Vhh,       Re,       Re,       Hh,       Hh,       Hh,       Hh,       Hh,       Hh,       Hh
       Ss,       Ss,       Ss,       Re,       Re,       Hh,       Re,       Hh,       Hh,       Hh,       Hh,       Ss,       Ss,       Ss,       Hh,       Ss,       Hh,       Hh,       Hh,       Hh,       Hh,       Hh,       Hh,       Hh,       Hh,       Re,       Hh,       Hh,       Hh,       Hh,       Hh,       Hh
       Ss,       Ss,       Ss,       Hh,       Hh,       Re,       Hh,   Hh^Vhh,       Hh,       Hh,       Hh,       Hh,       Ss,       Hh,       Hh,       Hh,       Hh,       Hh,       Hh,       Hh,       Hh,       Hh,       Hh,       Hh,       Hh,       Re,       Re,       Hh,       Hh,       Hh,       Hh,       Hh
       Ss,       Ss,       Ss,       Hh,       Hh,       Re,       Hh,   Hh,       Hh,       Hh,       Hh,       Hh,       Ss,       Hh,       Hh,       Hh,       Hh,       Hh,       Hh,       Hh,       Hh,       Hh,       Hh,       Hh,       Hh,       Re,       Re,       Hh,       Hh,       Hh,       Hh,       Hh