border_size=1
usage=map

    Mm^Xm,    Mm^Xm,    Mm^Xm,    Mm^Xm,    Mm^Xm,    Mm^Xm,    Mm^Xm,    Mm^Xm,       Mm,    Mm^Xm,    Mm^Xm,    Mm^Xm,    Mm^Xm,    Mm^Xm,    Mm^Xm,    Mm^Xm,       Mm,       Mm,   Mm,       Mm,    Mm^Xm,    Mm^Xm,    Mm^Xm,    Mm^Xm,       Mm,       Mm,   Mm,       Re,       Mm,    Mm^Xm,    Mm^Xm,    Mm^Xm,       Mm,       Mm,      Chr,       Mm,       Mm
    Mm^Xm,    Mm^Xm,    Mm^Xm,    Mm^Xm,    Mm^Xm,    Mm^Xm,    Mm^Xm,    Mm^Xm,       Mm,    Mm^Xm,    Mm^Xm,    Mm^Xm,    Mm^Xm,    Mm^Xm,    Mm^Xm,    Mm^Xm,       Mm,       Mm,   Mm^Vhh,       Mm,    Mm^Xm,    Mm^Xm,    Mm^Xm,    Mm^Xm,       Mm,       Mm,   Mm^Vhh,       Re,       Mm,    Mm^Xm,    Mm^Xm,    Mm^Xm,       Mm,       Mm,      Chr,       Mm,       Mm
    Mm^Xm,    Mm^Xm,       Mm,       Mm,       Mm,       Mm,       Re,       Mm,   Hh^Vhh,       Mm,       Mm,       Mm,       Hh,    Mm^Xm,       Mm,       Mm,       Hh,       Mm,       Mm,    Mm^Xm,       Mm,    Mm^Xm,       Mm,    Mm^Xm,       Mm,       Mm,       Mm,       Re,       Re,       Mm,       Mm,       Mm,       Re,      Chr,     2 Kh,      Chr,      Chr
       Mm,       Mm,       Re,       Re,       Re,       Re,       Mm,       Re,       Re,       Re,       Re,       Hh,       Mm,       Hh,       Hh,       Hh,       Ss,       Ss,       Hh,       Mm,       Mm,       Mm,       Mm,       Mm,       Mm,       Mm,   Mm^Vhh,       Mm,       Mm,       Re,       Re,       Re,       Mm,      Chr,      Chr,      Chr,      Chr
       Re,       Re,       Hh,       Mm,       Mm,       Mm,       Hh,       Mm,       Mm,       Mm,       Hh,       Re,       Re,       Re,       Ss,       Ss,       Hh,       Hh,       Hh,       Hh,       Mm,       Mm,       Mm,       Mm,       Mm,       Mm,       Mm,       Mm,       Mm,       Mm,       Mm,       Re,       Re,       Mm,       Mm,       Mm,       Mm
       Hh,       Hh,       Mm,       Mm,       Mm,       Mm,       Hh,       Hh,       Hh,       Hh,       Hh,       Hh,       Hh,       Hh,       Ss,       Re,       Re,       Re,       Re,       Hh,       Mm,   Mm^Vhh,       Mm,       Mm,       Mm,       Mm,       Mm,       Mm,       Mm,       Mm,       Mm,       Mm,       Re,       Mm,       Mm,       Mm,       Mm
       Hh,       Hh,       Hh,       Mm,       Hh,       Hh,       Hh,       Hh,       Hh,       Hh,       Hh,       Hh,       Hh,       Hh,       Ss,       Hh,       Re,       Hh,       Hh,       Re,       Re,       Mm,       Mm,       Mm,       Mm,       Mm,       Mm,       Mm,       Mm,       Mm,       Mm,   Mm^Vhh,       Re,       Mm,       Mm,       Mm,       Mm
       Hh,       Hh,       Hh,       Hh,       Hh,       Hh,       Hh,       Hh,       Hh,       Hh,       Hh,       Hh,       Ss,       Ss,       Hh,       Hh,       Re,       Hh,       Hh,       Hh,       Hh,       Re,       Re,       Mm,       Mm,       Mm,       Hh,       Hh,       Hh,       Mm,       Mm,    Mm^Xm,    Mm^Xm,       Re,       Re,    Mm^Xm,    Mm^Xm
       Hh,       Hh,       Hh,       Hh,       Ss,       Hh,       Ss,       Ss,       Ss,       Hh,       Ss,       Ss,       Ss,       Hh,       Hh,       Hh,       Re,       Mm,       Mm,       Hh,       Hh,       Hh,       Hh,       Re,       Re,       Hh,       Mm,       Hh,    Mm^Xm,       Mm,       Mm,       Mm,       Mm,    Mm^Xm,       Re,    Mm^Xm,    Mm^Xm
       Ss,       Ss,       Ss,       Ss,       Hh,       Ss,       Hh,       Hh,       Hh,       Ss,       Hh,       Hh,       Ss,       Hh,       Hh,       Hh,       Hh,       Re,       Re,       Mm,       Hh,       Hh,       Hh,       Hh,       Hh,       Re,       Re,       Mm,       Mm,       Mm,       Ss,       Mm,       Re,       Re,       Re,    Mm^Xm,    Mm^Xm
       Hh,       Hh,   Hh^Vhh,       Hh,       Hh,       Hh,       Hh,   Hh^Vhh,       Hh,       Hh,       Hh,       Hh,       Ss,       Hh,       Hh,       Hh,       Hh,       Hh,       Re,       Mm,       Hh,       Hh,       Hh,   Hh^Vhh,       Hh,       Hh,       Hh,       Re,       Re,       Mm,       Ss,       Mm,       Re,       Mm,       Mm,    Mm^Xm,    Mm^Xm
       Re,       Re,       Re,       Hh,       Hh,       Hh,       Hh,       Hh,       Hh,       Hh,       Hh,       Hh,       Ss,       Hh,       Hh,       Hh,       Hh,       Hh,       Re,       Hh,       Hh,       Hh,       Hh,       Hh,       Hh,       Hh,       Hh,       Hh,       Ss,       Ss,       Re,       Re,       Mm,       Hh,    Mm^Xm,    Mm^Xm,    Mm^Xm
       Ss,       Ss,       Hh,       Re,       Re,       Hh,       Hh,       Hh,       Hh,       Hh,       Mm,       Hh,       Hh,       Ss,       Hh,       Hh,       Hh,       Hh,       Re,       Hh,       Hh,       Hh,       Hh,       Hh,       Hh,       Hh,       Ss,       Ss,       Hh,       Hh,       Re,       Hh,    Mm^Xm,    Mm^Xm,       Mm,       Mm,       Mm
       Hh,       Hh,       Ss,       Hh,       Hh,       Re,       Hh,       Hh,       Hh,       Hh,       Mm,       Hh,       Hh,       Ss,       Ss,       Hh,       Hh,       Re,       Hh,       Hh,       Hh,       Hh,       Hh,       Hh,       Ss,       Ss,       Hh,       Hh,       Hh,       Hh,       Re,       Mm,       Mm,       Mm,   Mm^Vhh,       Hh,       Hh
       Ss,       Ss,       Ss,       Ss,       Hh,       Re,       Re,       Hh,       Re,       Hh,       Hh,       Hh,       Hh,       Hh,       Ss,       Hh,       Hh,       Re,       Hh,       Hh,       Hh,       Hh,       Hh,       Hh,       Hh,       Ss,       Hh,       Hh,       Hh,       Hh,       Re,       Mm,       Mm,       Mm,       Mm,       Mm,       Mm
       Ss,       Ss,       Hh,       Hh,       Hh,       Hh,       Hh,       Re,       Hh,       Re,       Re,   Hh^Vhh,       Hh,       Hh,       Ss,       Hh,       Re,       Re,       Hh,       Hh,   Hh^Vhh,       Hh,       Hh,       Hh,       Hh,       Ss,       Hh,       Hh,       Hh,       Hh,       Mm,       Re,       Hh,       Mm,       Mm,       Mm,       Mm
       Ss,       Ss,       Ss,       Hh,       Ss,       Hh,       Ss,       Ss,       Hh,       Hh,       Hh,       Re,       Hh,       Hh,       Ss,       Ss,       Re,       Hh,       Hh,       Hh,       Mm,       Hh,       Hh,       Hh,       Hh,       Ss,       Hh,       Hh,       Hh,       Mm,       Hh,       Re,       Hh,       Hh,       Mm,       Mm,       Mm
       Ss,       Ss,       Ss,       Ss,       Ss,       Ss,       Ss,       Hh,       Hh,       Hh,       Hh,       Re,       Re,       Ss,       Hh,       Hh,       Re,       Hh,       Hh,       Mm,       Mm,       Mm,       Hh,       Hh,       Hh,       Ss,       Hh,       Hh,       Mm,       Mm,       Hh,       Re,       Mm,       Hh,       Mm,       Mm,       Mm
       Ss,       Ss,       Ss,       Hh,       Ss,       Ss,   Ss^Vhs,       Ss,       Ss,       Hh,       Hh,       Hh,       Ss,       Ss,       Re,       Re,       Hh,       Hh,       Mm,       Mm,       Hh,       Hh,       Hh,       Hh,       Ss,       Ss,       Ss,       Hh,       Hh,       Hh,       Re,       Re,       Re,       Mm,       Hh,       Mm,       Mm
       Ss,       Ss,       Ss,       Ss,       Ss,       Ss,       Ss,       Ss,       Ss,       Hh,       Ss,       Ss,       Hh,       Hh,       Re,   Hh^Vhh,       Hh,       Hh,       Hh,       Mm,       Mm,       Mm,       Hh,       Ss,       Hh,       Hh,       Hh,       Ss,       Hh,       Hh,       Re,       Hh,       Hh,       Re,       Re,       Re,       Re
       Ss,       Ss,       Ss,       Ss,       Ss,       Ss,       Ss,       Ss,       Ss,       Hh,       Ss,       Hh,       Hh,       Hh,       Hh,       Re,       Re,       Hh,       Hh,       Hh,       Hh,       Hh,       Ss,       Ss,       Hh,   Hh^Vhh,       Hh,       Ss,       Ss,       Re,       Hh,       Hh,       Hh,       Hh,       Hh,       Hh,       Hh
       Ss,       Ss,       Ss,       Ss,       Ss,       Ss,       Ss,       Ss,       Ss,       Ss,       Hh,       Hh,       Hh,       Ss,       Ss,       Hh,       Hh,       Re,       Re,       Hh,       Ss,       Ss,       Hh,       Hh,       Hh,       Hh,       Hh,       Re,       Hh,       Ss,       Hh,       Hh,       Hh,   Hh^Vhh,       Hh,       Hh,       Hh
       Ss,       Ss,       Ss,       Ss,       Ss,       Ss,       Ss,       Ss,       Ss,       Ss,       Hh,       Ss,       Hh,       Hh,       Hh,       Hh,       Re,       Re,       Hh,       Ss,       Re,       Hh,       Hh,       Hh,       Hh,       Hh,       Re,       Re,       Hh,       Ss,       Ss,       Hh,       Hh,       Hh,       Hh,       Hh,       Hh
       Ss,       Ss,       Ss,       Ss,       Ss,   Ss^Vhs,       Ss,       Ss,       Ss,       Ss,       Ss,       Ss,       Ss,       Hh,       Re,       Re,       Hh,       Hh,       Hh,       Ss,       Re,       Hh,       Mm,       Hh,       Hh,       Hh,       Re,       Hh,       Hh,       Ss,       Hh,       Ss,       Ss,       Hh,       Hh,       Hh,       Hh
       Ss,       Ss,       Ss,       Ss,       Ss,       Ss,       Ss,       Ss,       Ss,       Ss,       Ss,       Hh,       Hh,       Re,       Hh,       Hh,       Hh,       Hh,       Ss,       Ss,       Re,       Hh,       Hh,       Mm,       Mm,       Re,       Hh,       Hh,       Hh,       Ss,       Hh,       Hh,       Hh,       Ss,       Ss,       Hh,       Hh
       Ss,       Ss,       Ss,       Ss,       Ss,       Ss,       Ss,       Ss,       Ss,       Ss,       Ss,       Hh,       Re,       Re,       Ss,       Hh,       Hh,       Hh,       Ss,       Hh,       Hh,       Re,       Re,       Hh,       Hh,       Re,       Hh,       Hh,       Ss,       Ss,       Hh,   Hh^Vhh,       Hh,       Hh,       Hh,       Ss,       Ss
       Ss,       Ss,       Ss,       Ss,       Ss,       Ss,       Ss,       Ss,       Ss,       Ss,       Ss,       Ss,       Ss,       Hh,       Hh,       Hh,       Ss,       Ss,       Hh,       Hh,       Hh,       Hh,       Hh,       Re,       Re,       Re,       Hh,       Hh,       Ss,       Hh,       Hh,       Hh,       Hh,       Hh,       Hh,       Hh,       Hh
       Ss,       Ss,       Ss,       Ss,       Ss,       Ss,       Ss,       Ss,       Ss,       Ss,       Ss,       Ss,       Ss,       Hh,       Hh,       Ss,       Hh,       Hh,       Hh,       Hh,       Hh,       Hh,       Hh,       Hh,       Re,       Hh,       Hh,       Ss,       Ss,       Hh,       Hh,       Hh,       Hh,       Hh,       Hh,       Hh,       Hh
       Ss,       Ss,      Chs,       Ss,       Ss,       Ss,       Ss,       Ss,       Ss,       Ss,       Ss,       Ss,       Ss,       Hh,       Hh,       Ss,       Hh,       Hh,       Hh,       Hh,       Hh,       Hh,   Hh^Vhh,       Re,       Hh,       Hh,       Hh,       Hh,       Ss,       Hh,       Hh,       Hh,       Hh,       Hh,       Hh,       Hh,       Hh
      Chs,      Chs,     1 Kh,      Chs,       Ss,       Ss,       Ss,       Ss,       Ss,   Ss^Vhs,       Ss,       Ss,       Ss,       Ss,       Ss,       Ss,       Hh,       Hh,       Hh,       Hh,       Hh,       Hh,       Hh,       Re,       Hh,       Hh,       Hh,       Hh,       Hh,       Ss,       Hh,       Hh,       Hh,       Hh,   Hh^Vhh,       Hh,       Hh
      Chs,      Chs,      Chs,      Chs,       Ss,       Ss,       Ss,       Ss,       Ss,       Ss,       Ss,       Ss,       Ss,       Ss,       Ss,       Ss,       Ss,       Hh,       Ss,       Hh,       Hh,       Hh,       Re,       Re,       Hh,       Hh,       Hh,       Hh,       Hh,       Ss,       Ss,       Hh,       Hh,       Hh,       Hh,       Hh,       Hh
      Chs,      Chs,      Chs,      Chs,       Ss,       Ss,       Ss,       Ss,       Ss,       Ss,       Ss,       Ss,       Ss,       Ss,       Ss,       Ss,       Ss,       Hh,       Ss,       Hh,       Hh,       Hh,       Re,       Re,       Hh,       Hh,       Hh,       Hh,       Hh,       Ss,       Ss,       Hh,       Hh,       Hh,       Hh,       Hh,       Hh