border_size=1
usage=map

       Mm,       Mm,       Mm,       Mm,       Mm,       Mm,       Xu,       Xu,   Uu,       Uu,       Uu,      Cud,      Cud,      Cud,      Cud,      Cud,       Uu,       Uu,   Uu,       Xu,       Xu,       Mm,       Mm,       Mm,       Mm,       Mm,       Mm
       Mm,       Mm,       Mm,       Mm,       Mm,       Mm,       Xu,       Xu,   Uu^Vud,       Uu,       Uu,      Cud,      Cud,      Cud,      Cud,      Cud,       Uu,       Uu,   Uu^Vud,       Xu,       Xu,       Mm,       Mm,       Mm,       Mm,       Mm,       Mm
       Mm,       Mm,       Mm,       Mm,       Mm,       Mm,       Mm,       Xu,       Uu,       Uu,       Uu,      Cud,      Cud,     2 Kud,      Cud,      Cud,       Uu,       Uu,       Uu,       Xu,       Mm,       Mm,       Mm,       Mm,       Mm,       Mm,       Mm
       Mm,       Mm,       Mm,       Mm,       Mm,       Mm,       Mm,       Xu,   Uu^Vud,       Uu,       Uu,       Uu,       Uu,      Cud,       Uu,       Uu,       Uu,       Uu,   Uu^Vud,       Xu,       Mm,       Mm,       Mm,       Mm,       Mm,       Mm,       Mm
       Mm,       Mm,       Mm,       Mm,       Mm,       Mm,       Mm,       Xu,       Xu,       Uu,   Uu^Vud,       Uu,       Uu,       Uu,       Uu,       Uu,   Uu^Vud,       Uu,       Xu,       Xu,       Mm,       Mm,       Mm,       Mm,       Mm,       Mm,       Mm
       Mm,       Mm,       Mm,       Mm,       Mm,       Mm,       Mm,       Mm,       Mm,       Xu,       Xu,       Xu,       Uu,       Uu,       Uu,       Xu,       Xu,       Xu,       Mm,       Mm,       Mm,       Mm,       Mm,       Mm,       Mm,       Mm,       Mm
       Mm,       Mm,       Mm,       Mm,       Ss,       Ss,       Ss,       Mm,       Mm,       Mm,       Mm,       Mm,       Mm,       Uu,       Mm,       Mm,       Mm,       Mm,       Mm,       Mm,       Mm,       Mm,       Mm,       Mm,       Mm,   Mm^Vhh,   Mm
       Mm,       Mm,       Mm,       Mm,       Ss,       Ss,       Ss,       Ss,       Mm,       Mm,       Mm,       Mm,       Mm,       Re,       Re,       Mm,       Mm,       Mm,       Mm,       Mm,       Mm,       Mm,       Mm,       Mm,       Mm,       Mm,       Mm
       Re,       Re,       Re,   Mm^Vhh,       Mm,       Mm,       Mm,       Mm,       Mm,       Mm,       Mm,       Mm,       Mm,       Re,   Mm^Vhh,       Re,       Re,       Mm,       Mm,       Mm,       Mm,       Mm,       Mm,       Mm,       Mm,       Mm,       Mm
       Mm,       Mm,       Re,       Mm,       Mm,       Mm,       Mm,       Mm,       Mm,       Mm,       Mm,       Mm,       Mm,       Re,       Mm,       Mm,       Mm,       Re,       Re,       Mm,       Mm,       Mm,       Mm,       Mm,       Mm,       Mm,       Mm
       Mm,       Mm,       Re,       Mm,       Mm,       Mm,       Mm,       Mm,       Mm,       Mm,       Mm,       Mm,       Mm,       Re,       Mm,       Mm,       Mm,       Mm,       Mm,       Re,       Re,       Mm,       Mm,       Mm,       Mm,       Mm,       Mm
       Mm,       Mm,       Mm,       Re,       Re,       Mm,       Mm,       Mm,       Mm,       Mm,       Mm,       Mm,       Re,       Re,       Mm,       Mm,       Mm,       Mm,       Mm,       Mm,       Mm,       Re,       Re,       Mm,       Re,       Re,       Re
       Mm,       Mm,       Mm,       Mm,       Mm,       Re,       Mm,       Mm,       Mm,       Mm,       Re,       Re,       Mm,       Mm,       Mm,       Mm,       Mm,       Mm,       Mm,       Mm,       Mm,       Mm,       Mm,       Re,       Mm,       Mm,       Mm
       Mm,       Mm,       Mm,       Mm,       Mm,       Re,       Mm,       Mm,       Re,       Re,       Re,       Mm,       Mm,       Mm,       Mm,       Mm,       Mm,       Mm,       Mm,       Mm,       Mm,       Mm,       Mm,       Mm,       Mm,       Mm,       Mm
       Re,       Re,       Re,       Mm,       Re,       Re,       Re,       Re,       Mm,       Mm,       Mm,       Re,       Re,       Mm,       Mm,       Mm,       Mm,       Ss,       Ss,       Mm,       Mm,       Mm,       Mm,       Mm,       Mm,       Mm,       Mm
       Mm,       Mm,       Mm,       Re,       Mm,       Mm,       Mm,       Mm,       Mm,       Mm,       Mm,       Mm,       Mm,       Re,       Re,       Mm,       Mm,       Mm,       Mm,       Mm,       Mm,       Mm,       Mm,       Mm,   Mm^Vhh,       Mm,       Mm
       Mm,       Mm,       Mm,       Mm,       Mm,       Mm,       Mm,       Mm,       Mm,       Mm,   Mm^Vhh,       Mm,       Mm,       Mm,       Mm,       Re,       Re,       Mm,       Mm,       Mm,       Mm,       Mm,       Mm,       Mm,       Mm,       Mm,       Mm
       Mm,       Mm,       Mm,       Mm,       Mm,       Mm,       Mm,       Mm,       Mm,       Mm,       Mm,       Mm,       Mm,       Mm,       Mm,       Mm,       Re,       Mm,       Mm,       Mm,       Mm,       Mm,       Mm,       Mm,       Mm,       Mm,       Mm
       Mm,       Mm,       Mm,       Mm,       Mm,       Mm,       Mm,       Mm,       Mm,       Mm,       Mm,       Mm,       Mm,       Mm,       Re,       Re,       Mm,       Re,       Re,       Mm,       Re,       Mm,       Mm,       Mm,       Mm,       Mm,       Mm
       Mm,       Mm,       Mm,       Mm,       Mm,       Mm,       Mm,       Mm,       Mm,       Mm,       Mm,       Mm,       Re,       Re,       Mm,       Mm,       Mm,       Mm,       Re,       Re,       Mm,       Re,       Re,       Mm,       Mm,       Mm,       Mm
       Mm,       Mm,       Mm,       Mm,       Mm,       Mm,       Mm,       Mm,       Mm,       Mm,       Re,       Re,       Mm,       Mm,       Mm,       Mm,       Mm,       Mm,       Re,       Mm,       Mm,       Mm,       Mm,       Re,       Re,       Re,       Re
   Mm,   Mm^Vhh,       Re,       Mm,       Mm,       Mm,       Mm,       Mm,       Mm,       Mm,       Re,       Mm,       Mm,       Mm,       Mm,       Mm,       Mm,       Mm,       Re,       Mm,       Mm,       Mm,       Mm,       Mm,       Mm,       Mm,       Mm
       Re,       Re,       Mm,       Re,       Re,       Mm,       Mm,       Mm,       Re,       Re,       Mm,       Mm,       Mm,       Mm,       Mm,       Mm,       Mm,       Mm,       Mm,       Re,       Re,       Mm,       Mm,       Mm,       Mm,       Mm,       Mm
       Mm,       Mm,       Mm,       Mm,       Mm,       Re,       Re,       Re,       Mm,       Re,       Re,       Mm,       Mm,       Mm,       Mm,       Mm,       Mm,       Mm,       Mm,       Mm,       Mm,       Re,       Mm,       Mm,       Mm,       Mm,       Mm
       Mm,       Mm,       Mm,       Mm,       Mm,       Mm,       Mm,       Mm,       Re,       Re,       Mm,       Re,       Re,       Mm,       Mm,       Mm,       Mm,       Mm,       Mm,       Mm,       Mm,       Re,       Re,       Mm,       Mm,       Mm,       Mm
       Mm,       Mm,       Mm,       Mm,       Mm,       Mm,       Mm,       Re,       Mm,       Mm,       Mm,       Mm,       Mm,       Re,       Re,       Mm,       Mm,       Mm,       Mm,       Mm,       Mm,       Mm,       Mm,       Re,       Re,       Mm,       Mm
       Mm,       Mm,       Mm,       Mm,       Re,       Mm,       Mm,       Re,       Mm,       Mm,       Mm,       Mm,       Mm,       Mm,       Mm,       Re,       Re,       Mm,       Mm,       Mm,       Mm,       Mm,       Mm,       Mm,       Re,       Mm,       Mm
       Mm,       Mm,       Mm,       Re,       Mm,       Re,       Re,       Re,       Mm,       Mm,       Mm,       Mm,   Mm^Vhh,       Mm,       Mm,       Mm,       Re,       Mm,       Mm,       Mm,       Mm,       Mm,       Mm,       Mm,       Mm,       Re,       Re
   Mm,   Mm^Vhh,       Re,       Re,       Mm,       Mm,       Mm,       Mm,       Mm,       Mm,       Mm,       Mm,       Mm,       Mm,       Re,       Re,       Mm,       Mm,       Mm,       Mm,       Mm,       Mm,       Mm,       Mm,       Mm,       Re,       Re
       Mm,       Mm,       Re,       Mm,       Mm,       Mm,       Mm,       Mm,       Mm,       Mm,       Mm,       Mm,       Mm,       Re,       Mm,       Mm,       Mm,       Mm,       Mm,       Mm,       Ss,       Mm,       Mm,       Mm,       Mm,       Mm,       Mm
       Re,       Re,       Mm,       Mm,       Mm,       Mm,       Ss,       Mm,       Mm,       Mm,       Mm,       Mm,       Mm,       Re,       Mm,       Mm,       Mm,       Mm,       Mm,       Mm,       Ss,       Ss,   Mm^Vhh,       Mm,       Mm,       Mm,       Mm
       Mm,       Mm,       Mm,       Mm,       Mm,       Mm,       Ss,       Ss,       Mm,       Mm,       Mm,       Mm,       Mm,       Re,       Mm,       Mm,       Mm,       Mm,       Mm,       Mm,       Mm,       Mm,       Mm,       Mm,       Mm,       Mm,       Mm
       Mm,       Mm,       Mm,       Mm,       Mm,       Mm,       Mm,       Ss,       Mm,       Mm,       Mm,       Mm,       Mm,       Re,       Re,       Mm,       Mm,       Mm,       Mm,       Mm,       Mm,       Mm,       Mm,       Mm,       Mm,       Mm,       Mm
       Re,       Re,       Re,       Mm,       Mm,       Mm,       Mm,       Mm,       Mm,       Mm,       Mm,       Mm,       Mm,       Mm,       Mm,       Re,       Mm,       Mm,       Mm,       Mm,       Mm,       Mm,       Mm,       Mm,       Mm,       Mm,       Mm
       Mm,       Mm,       Mm,       Re,       Re,       Mm,       Mm,       Mm,       Mm,       Mm,       Mm,       Mm,       Mm,       Mm,       Mm,       Re,       Mm,       Mm,       Mm,       Mm,       Mm,       Mm,       Mm,       Mm,       Ss,       Mm,       Mm
       Mm,       Mm,       Mm,       Mm,       Mm,       Re,       Re,       Mm,       Mm,       Mm,       Mm,       Mm,       Mm,       Mm,       Mm,       Re,       Re,       Mm,       Mm,       Mm,       Mm,       Mm,       Mm,       Mm,       Ss,       Ss,       Ss
       Mm,       Mm,       Mm,       Mm,       Mm,       Mm,       Mm,       Re,       Re,       Mm,       Mm,       Mm,       Mm,       Mm,       Mm,       Mm,       Mm,       Re,       Re,       Mm,       Mm,       Mm,       Ss,       Ss,       Mm,       Mm,       Mm
       Mm,       Mm,       Mm,       Mm,       Mm,       Mm,       Mm,       Mm,       Mm,       Re,       Re,       Mm,       Hh,       Mm,       Mm,       Mm,       Mm,       Mm,       Mm,       Re,       Re,       Ss,       Mm,       Mm,       Mm,       Mm,       Mm
   Mm,   Mm^Vhh,       Mm,       Mm,       Mm,       Mm,       Mm,       Mm,       Mm,       Mm,       Re,       Mm,      Chr,       Hh,       Hh,       Mm,       Mm,       Mm,       Mm,       Mm,       Re,       Ss,       Mm,       Mm,       Mm,       Mm,       Mm
       Mm,       Mm,       Mm,       Mm,       Mm,       Mm,       Mm,       Mm,       Re,       Re,       Hh,      Chr,     1 Kh,      Chr,       Hh,       Hh,       Hh,       Mm,       Mm,       Mm,       Re,       Ss,       Mm,       Mm,       Mm,       Hh,       Hh
       Hh,       Hh,       Hh,       Mm,       Mm,       Mm,       Re,       Re,       Hh,       Hh,       Hh,      Chr,      Chr,      Chr,       Hh,       Hh,       Hh,       Mm,       Re,       Re,       Ss,       Ss,       Mm,   Mm^Vhh,       Hh,       Hh,       Hh
       Hh,       Hh,       Hh,       Mm,       Mm,       Mm,       Re,       Re,       Hh,       Hh,       Hh,      Chr,      Chr,      Chr,       Hh,       Hh,       Hh,       Mm,       Re,       Re,       Ss,       Ss,       Mm,   Mm,       Hh,       Hh,       Hh